-- Step 2
CREATE TABLE gpdb_pitr_tt(i INT);
NOTICE:  Table doesn't have 'DISTRIBUTED BY' clause -- Using column named 'i' as the Greenplum Database data distribution key for this table.
HINT:  The 'DISTRIBUTED BY' clause determines the distribution of data. Make sure column(s) chosen are the optimal data distribution key to minimize skew.
INSERT INTO gpdb_pitr_tt VALUES (1), (2), (3);
